\BOOKMARK [0][-]{chapter*.3}{\376\377\000L\000i\000s\000t\000e\000\040\000d\000e\000s\000\040\000a\000c\000r\000o\000n\000y\000m\000e\000s}{}% 1
\BOOKMARK [0][-]{chapter.1}{\376\377\000I\000n\000t\000r\000o\000d\000u\000c\000t\000i\000o\000n}{}% 2
\BOOKMARK [1][-]{section.1.1}{\376\377\000C\000o\000n\000t\000e\000x\000t\000e\000\040\000d\000u\000\040\000s\000t\000a\000g\000e}{chapter.1}% 3
\BOOKMARK [1][-]{section.1.2}{\376\377\000P\000r\000\351\000s\000e\000n\000t\000a\000t\000i\000o\000n\000\040\000d\000u\000\040\000p\000r\000o\000j\000e\000t}{chapter.1}% 4
\BOOKMARK [1][-]{section.1.3}{\376\377\000P\000\351\000r\000i\000m\000\350\000t\000r\000e\000\040\000d\000u\000\040\000p\000r\000o\000j\000e\000t}{chapter.1}% 5
\BOOKMARK [1][-]{section.1.4}{\376\377\000P\000r\000o\000b\000l\000\351\000m\000a\000t\000i\000q\000u\000e}{chapter.1}% 6
\BOOKMARK [1][-]{section.1.5}{\376\377\000O\000b\000j\000e\000c\000t\000i\000f\000s\000\040\000d\000u\000\040\000s\000t\000a\000g\000e}{chapter.1}% 7
\BOOKMARK [0][-]{chapter.2}{\376\377\000P\000r\000\351\000s\000e\000n\000t\000a\000t\000i\000o\000n\000\040\000d\000u\000\040\000p\000r\000o\000j\000e\000t\000\040\000e\000t\000\040\000a\000n\000a\000l\000y\000s\000e\000\040\000d\000e\000s\000\040\000b\000e\000s\000o\000i\000n\000s}{}% 8
\BOOKMARK [1][-]{section.2.1}{\376\377\000P\000r\000\351\000s\000e\000n\000t\000a\000t\000i\000o\000n\000\040\000d\000e\000\040\000l\000'\000e\000n\000t\000r\000e\000p\000r\000i\000s\000e}{chapter.2}% 9
\BOOKMARK [1][-]{section.2.2}{\376\377\000A\000n\000a\000l\000y\000s\000e\000\040\000d\000e\000s\000\040\000b\000e\000s\000o\000i\000n\000s\000\040\000f\000o\000n\000c\000t\000i\000o\000n\000n\000e\000l\000s}{chapter.2}% 10
\BOOKMARK [1][-]{section.2.3}{\376\377\000B\000e\000s\000o\000i\000n\000s\000\040\000n\000o\000n\000\040\000f\000o\000n\000c\000t\000i\000o\000n\000n\000e\000l\000s}{chapter.2}% 11
\BOOKMARK [1][-]{section.2.4}{\376\377\000V\000u\000e\000\040\000d\000'\000e\000n\000s\000e\000m\000b\000l\000e\000\040\000d\000u\000\040\000p\000r\000o\000j\000e\000t\000\040\000e\000t\000\040\000d\000e\000s\000\040\000m\000o\000d\000u\000l\000e\000s}{chapter.2}% 12
\BOOKMARK [1][-]{section.2.5}{\376\377\000A\000u\000t\000r\000e\000s\000\040\000m\000o\000d\000u\000l\000e\000s\000\040\000d\000e\000\040\000l\000a\000\040\000p\000l\000a\000t\000e\000f\000o\000r\000m\000e}{chapter.2}% 13
\BOOKMARK [1][-]{section.2.6}{\376\377\000M\000o\000d\000u\000l\000e\000\040\000d\000e\000\040\000g\000e\000s\000t\000i\000o\000n\000\040\000d\000e\000\040\000t\000r\000\351\000s\000o\000r\000e\000r\000i\000e}{chapter.2}% 14
\BOOKMARK [1][-]{section.2.7}{\376\377\000A\000r\000c\000h\000i\000t\000e\000c\000t\000u\000r\000e\000\040\000g\000l\000o\000b\000a\000l\000e\000\040\000d\000u\000\040\000s\000y\000s\000t\000\350\000m\000e}{chapter.2}% 15
\BOOKMARK [2][-]{subsection.2.7.1}{\376\377\000P\000i\000p\000e\000l\000i\000n\000e\000\040\000d\000'\000i\000n\000g\000e\000s\000t\000i\000o\000n\000\040\000e\000t\000\040\000d\000e\000\040\000t\000r\000a\000i\000t\000e\000m\000e\000n\000t}{section.2.7}% 16
\BOOKMARK [0][-]{chapter.3}{\376\377\000A\000r\000c\000h\000i\000t\000e\000c\000t\000u\000r\000e\000\040\000t\000e\000c\000h\000n\000i\000q\000u\000e\000\040\000e\000t\000\040\000c\000h\000o\000i\000x\000\040\000d\000e\000\040\000c\000o\000n\000c\000e\000p\000t\000i\000o\000n}{}% 17
\BOOKMARK [1][-]{section.3.1}{\376\377\000S\000t\000r\000u\000c\000t\000u\000r\000e\000\040\000f\000o\000n\000c\000t\000i\000o\000n\000n\000e\000l\000l\000e\000\040\000d\000u\000\040\000s\000y\000s\000t\000\350\000m\000e}{chapter.3}% 18
\BOOKMARK [1][-]{section.3.2}{\376\377\000C\000h\000o\000i\000x\000\040\000d\000'\000a\000r\000c\000h\000i\000t\000e\000c\000t\000u\000r\000e}{chapter.3}% 19
\BOOKMARK [1][-]{section.3.3}{\376\377\000F\000l\000u\000x\000\040\000d\000e\000\040\000t\000r\000a\000i\000t\000e\000m\000e\000n\000t\000\040\000d\000e\000s\000\040\000d\000o\000n\000n\000\351\000e\000s}{chapter.3}% 20
\BOOKMARK [1][-]{section.3.4}{\376\377\000I\000n\000t\000\351\000g\000r\000a\000t\000i\000o\000n\000\040\000d\000e\000s\000\040\000s\000e\000r\000v\000i\000c\000e\000s}{chapter.3}% 21
\BOOKMARK [2][-]{subsection.3.4.1}{\376\377\000I\000n\000t\000\351\000g\000r\000a\000t\000i\000o\000n\000\040\000B\000a\000n\000k\000M\000a\000t\000c\000h}{section.3.4}% 22
\BOOKMARK [1][-]{section.3.5}{\376\377\000L\000a\000n\000g\000a\000g\000e\000s\000,\000\040\000o\000u\000t\000i\000l\000s\000\040\000e\000t\000\040\000t\000e\000c\000h\000n\000o\000l\000o\000g\000i\000e\000s}{chapter.3}% 23
\BOOKMARK [1][-]{section.3.6}{\376\377\000J\000u\000s\000t\000i\000f\000i\000c\000a\000t\000i\000o\000n\000\040\000d\000e\000s\000\040\000c\000h\000o\000i\000x\000\040\000t\000e\000c\000h\000n\000i\000q\000u\000e\000s}{chapter.3}% 24
\BOOKMARK [2][-]{subsection.3.6.1}{\376\377\000F\000l\000o\000a\000t\000\040\000v\000s\000\040\000D\000e\000c\000i\000m\000a\000l\000\040\000p\000o\000u\000r\000\040\000l\000e\000s\000\040\000m\000o\000n\000t\000a\000n\000t\000s}{section.3.6}% 25
\BOOKMARK [2][-]{subsection.3.6.2}{\376\377\000A\000l\000g\000o\000r\000i\000t\000h\000m\000e\000\040\000J\000W\000T\000\040\000H\000S\0002\0005\0006}{section.3.6}% 26
\BOOKMARK [2][-]{subsection.3.6.3}{\376\377\000P\000a\000r\000s\000e\000r\000s\000\040\000m\000a\000i\000s\000o\000n\000\040\000v\000s\000\040\000b\000i\000b\000l\000i\000o\000t\000h\000\350\000q\000u\000e\000s\000\040\000e\000x\000i\000s\000t\000a\000n\000t\000e\000s}{section.3.6}% 27
\BOOKMARK [0][-]{chapter.4}{\376\377\000M\000o\000d\000u\000l\000e\000\040\000M\000u\000l\000t\000i\000-\000B\000a\000n\000k\000i\000n\000g}{}% 28
\BOOKMARK [1][-]{section.4.1}{\376\377\000R\000\364\000l\000e\000\040\000f\000o\000n\000c\000t\000i\000o\000n\000n\000e\000l}{chapter.4}% 29
\BOOKMARK [1][-]{section.4.2}{\376\377\000F\000o\000r\000m\000a\000t\000s\000\040\000d\000e\000\040\000f\000i\000c\000h\000i\000e\000r\000s\000\040\000b\000a\000n\000c\000a\000i\000r\000e\000s\000\040\000e\000t\000\040\000d\000e\000\040\000p\000a\000i\000e\000m\000e\000n\000t\000\040\000p\000r\000i\000s\000\040\000e\000n\000\040\000c\000h\000a\000r\000g\000e}{chapter.4}% 30
\BOOKMARK [1][-]{section.4.3}{\376\377\000N\000o\000r\000m\000a\000l\000i\000s\000a\000t\000i\000o\000n\000\040\000e\000t\000\040\000t\000r\000a\000n\000s\000f\000o\000r\000m\000a\000t\000i\000o\000n\000\040\000d\000e\000s\000\040\000d\000o\000n\000n\000\351\000e\000s}{chapter.4}% 31
\BOOKMARK [1][-]{section.4.4}{\376\377\000V\000a\000l\000i\000d\000a\000t\000i\000o\000n\000\040\000d\000e\000s\000\040\000t\000r\000a\000n\000s\000a\000c\000t\000i\000o\000n\000s}{chapter.4}% 32
\BOOKMARK [1][-]{section.4.5}{\376\377\000T\000r\000a\000v\000a\000i\000l\000\040\000r\000\351\000a\000l\000i\000s\000\351\000\040\000e\000t\000\040\000e\000n\000j\000e\000u\000\040\000t\000e\000c\000h\000n\000i\000q\000u\000e}{chapter.4}% 33
\BOOKMARK [0][-]{chapter.5}{\376\377\000M\000o\000d\000u\000l\000e\000\040\000d\000e\000\040\000d\000\351\000t\000e\000c\000t\000i\000o\000n\000\040\000d\000e\000\040\000f\000r\000a\000u\000d\000e}{}% 34
\BOOKMARK [1][-]{section.5.1}{\376\377\000R\000\364\000l\000e\000\040\000d\000u\000\040\000m\000o\000t\000e\000u\000r\000\040\000d\000e\000\040\000f\000r\000a\000u\000d\000e}{chapter.5}% 35
\BOOKMARK [1][-]{section.5.2}{\376\377\000A\000p\000p\000r\000o\000c\000h\000e\000\040\000h\000y\000b\000r\000i\000d\000e}{chapter.5}% 36
\BOOKMARK [2][-]{subsection.5.2.1}{\376\377\000E\000x\000p\000l\000i\000c\000a\000b\000i\000l\000i\000t\000\351\000\040\000e\000t\000\040\000i\000n\000t\000e\000r\000p\000r\000\351\000t\000a\000t\000i\000o\000n\000\040\000d\000e\000s\000\040\000r\000\351\000s\000u\000l\000t\000a\000t\000s}{section.5.2}% 37
\BOOKMARK [2][-]{subsection.5.2.2}{\376\377\000C\000o\000n\000f\000i\000g\000u\000r\000a\000t\000i\000o\000n\000\040\000d\000e\000s\000\040\000s\000e\000u\000i\000l\000s\000\040\000e\000t\000\040\000r\000\351\000g\000l\000a\000g\000e\000\040\000d\000u\000\040\000m\000o\000t\000e\000u\000r\000\040\000d\000e\000\040\000r\000\350\000g\000l\000e\000s}{section.5.2}% 38
\BOOKMARK [1][-]{section.5.3}{\376\377\000R\000\350\000g\000l\000e\000s\000\040\000m\000\351\000t\000i\000e\000r\000\040\000e\000t\000\040\000i\000n\000d\000i\000c\000a\000t\000e\000u\000r\000s\000\040\000d\000e\000\040\000r\000i\000s\000q\000u\000e}{chapter.5}% 39
\BOOKMARK [1][-]{section.5.4}{\376\377\000M\000a\000c\000h\000i\000n\000e\000\040\000l\000e\000a\000r\000n\000i\000n\000g\000\040\000e\000t\000\040\000e\000x\000p\000l\000i\000c\000a\000b\000i\000l\000i\000t\000\351}{chapter.5}% 40
\BOOKMARK [2][-]{subsection.5.4.1}{\376\377\000P\000i\000p\000e\000l\000i\000n\000e\000\040\000d\000e\000\040\000c\000h\000a\000r\000g\000e\000m\000e\000n\000t\000\040\000d\000e\000s\000\040\000m\000o\000d\000\350\000l\000e\000s}{section.5.4}% 41
\BOOKMARK [2][-]{subsection.5.4.2}{\376\377\000R\000a\000n\000d\000o\000m\000\040\000F\000o\000r\000e\000s\000t\000\040\000:\000\040\000m\000o\000d\000\350\000l\000e\000\040\000d\000e\000\040\000r\000\351\000f\000\351\000r\000e\000n\000c\000e}{section.5.4}% 42
\BOOKMARK [2][-]{subsection.5.4.3}{\376\377\000R\000a\000n\000d\000o\000m\000\040\000F\000o\000r\000e\000s\000t\000\040\000c\000a\000l\000i\000b\000r\000\351}{section.5.4}% 43
\BOOKMARK [2][-]{subsection.5.4.4}{\376\377\000X\000G\000B\000o\000o\000s\000t\000\040\000c\000a\000l\000i\000b\000r\000\351}{section.5.4}% 44
\BOOKMARK [2][-]{subsection.5.4.5}{\376\377\000I\000s\000o\000l\000a\000t\000i\000o\000n\000\040\000F\000o\000r\000e\000s\000t}{section.5.4}% 45
\BOOKMARK [2][-]{subsection.5.4.6}{\376\377\000S\000H\000A\000P\000\040\000:\000\040\000e\000x\000p\000l\000i\000c\000a\000b\000i\000l\000i\000t\000\351}{section.5.4}% 46
\BOOKMARK [2][-]{subsection.5.4.7}{\376\377\000R\000u\000l\000e\000s\000\040\000E\000n\000g\000i\000n\000e\000\040\000:\000\040\000r\000\350\000g\000l\000e\000s\000\040\000m\000\351\000t\000i\000e\000r}{section.5.4}% 47
\BOOKMARK [2][-]{subsection.5.4.8}{\376\377\000F\000u\000s\000i\000o\000n\000\040\000d\000e\000s\000\040\000s\000c\000o\000r\000e\000s}{section.5.4}% 48
\BOOKMARK [2][-]{subsection.5.4.9}{\376\377\000V\000a\000r\000i\000a\000b\000l\000e\000s\000\040\000d\000u\000\040\000m\000o\000d\000\350\000l\000e}{section.5.4}% 49
\BOOKMARK [2][-]{subsection.5.4.10}{\376\377\000S\000o\000u\000r\000c\000e\000s\000\040\000e\000t\000\040\000d\000o\000n\000n\000\351\000e\000s\000\040\000d\000'\000e\000n\000t\000r\000a\000\356\000n\000e\000m\000e\000n\000t}{section.5.4}% 50
\BOOKMARK [1][-]{section.5.5}{\376\377\000A\000n\000a\000l\000y\000s\000e\000\040\000d\000e\000\040\000g\000r\000a\000p\000h\000e\000s}{chapter.5}% 51
\BOOKMARK [1][-]{section.5.6}{\376\377\000T\000r\000a\000v\000a\000i\000l\000\040\000r\000\351\000a\000l\000i\000s\000\351}{chapter.5}% 52
\BOOKMARK [0][-]{chapter.6}{\376\377\000S\000\351\000c\000u\000r\000i\000t\000\351\000,\000\040\000i\000n\000t\000\351\000g\000r\000a\000t\000i\000o\000n\000\040\000e\000t\000\040\000s\000u\000p\000e\000r\000v\000i\000s\000i\000o\000n}{}% 53
\BOOKMARK [1][-]{section.6.1}{\376\377\000S\000\351\000c\000u\000r\000i\000t\000\351\000\040\000d\000e\000s\000\040\000\351\000c\000h\000a\000n\000g\000e\000s}{chapter.6}% 54
\BOOKMARK [2][-]{subsection.6.1.1}{\376\377\000L\000i\000m\000i\000t\000e\000s\000\040\000e\000t\000\040\000a\000n\000g\000l\000e\000s\000\040\000m\000o\000r\000t\000s\000\040\000d\000e\000\040\000s\000\351\000c\000u\000r\000i\000t\000\351}{section.6.1}% 55
\BOOKMARK [1][-]{section.6.2}{\376\377\000I\000n\000t\000\351\000g\000r\000a\000t\000i\000o\000n\000\040\000e\000n\000t\000r\000e\000\040\000s\000e\000r\000v\000i\000c\000e\000s}{chapter.6}% 56
\BOOKMARK [1][-]{section.6.3}{\376\377\000M\000o\000n\000i\000t\000o\000r\000i\000n\000g\000\040\000e\000t\000\040\000s\000u\000p\000e\000r\000v\000i\000s\000i\000o\000n}{chapter.6}% 57
\BOOKMARK [2][-]{subsection.6.3.1}{\376\377\000\311\000t\000a\000t\000\040\000a\000c\000t\000u\000e\000l\000\040\000d\000u\000\040\000m\000o\000n\000i\000t\000o\000r\000i\000n\000g}{section.6.3}% 58
\BOOKMARK [1][-]{section.6.4}{\376\377\000D\000\351\000p\000l\000o\000i\000e\000m\000e\000n\000t\000\040\000e\000t\000\040\000e\000x\000\351\000c\000u\000t\000i\000o\000n}{chapter.6}% 59
\BOOKMARK [0][-]{chapter.7}{\376\377\000T\000e\000s\000t\000s\000,\000\040\000q\000u\000a\000l\000i\000t\000\351\000\040\000e\000t\000\040\000v\000a\000l\000i\000d\000a\000t\000i\000o\000n}{}% 60
\BOOKMARK [1][-]{section.7.1}{\376\377\000T\000e\000s\000t\000s\000\040\000i\000m\000p\000l\000\351\000m\000e\000n\000t\000\351\000s\000\040\000e\000t\000\040\000d\000i\000s\000t\000i\000n\000c\000t\000i\000o\000n\000\040\000d\000e\000s\000\040\000t\000y\000p\000e\000s}{chapter.7}% 61
\BOOKMARK [1][-]{section.7.2}{\376\377\000R\000\351\000s\000u\000l\000t\000a\000t\000s\000\040\000d\000e\000\040\000t\000e\000s\000t\000s}{chapter.7}% 62
\BOOKMARK [2][-]{subsection.7.2.1}{\376\377\000A\000n\000a\000l\000y\000s\000e\000\040\000d\000e\000\040\000l\000a\000\040\000v\000a\000l\000e\000u\000r\000\040\000d\000e\000s\000\040\000t\000e\000s\000t\000s}{section.7.2}% 63
\BOOKMARK [0][-]{chapter.8}{\376\377\000D\000i\000f\000f\000i\000c\000u\000l\000t\000\351\000s\000\040\000r\000e\000n\000c\000o\000n\000t\000r\000\351\000e\000s\000\040\000e\000t\000\040\000a\000p\000p\000r\000e\000n\000t\000i\000s\000s\000a\000g\000e\000s}{}% 64
\BOOKMARK [1][-]{section.8.1}{\376\377\000D\000i\000f\000f\000i\000c\000u\000l\000t\000\351\000s\000\040\000t\000e\000c\000h\000n\000i\000q\000u\000e\000s}{chapter.8}% 65
\BOOKMARK [1][-]{section.8.2}{\376\377\000D\000i\000f\000f\000i\000c\000u\000l\000t\000\351\000s\000\040\000o\000r\000g\000a\000n\000i\000s\000a\000t\000i\000o\000n\000n\000e\000l\000l\000e\000s}{chapter.8}% 66
\BOOKMARK [1][-]{section.8.3}{\376\377\000A\000p\000p\000r\000e\000n\000t\000i\000s\000s\000a\000g\000e\000s\000\040\000p\000e\000r\000s\000o\000n\000n\000e\000l\000s}{chapter.8}% 67
\BOOKMARK [1][-]{section.8.4}{\376\377\000B\000i\000l\000a\000n\000\040\000p\000e\000r\000s\000o\000n\000n\000e\000l}{chapter.8}% 68
\BOOKMARK [0][-]{chapter.9}{\376\377\000C\000o\000n\000c\000l\000u\000s\000i\000o\000n}{}% 69
\BOOKMARK [0][-]{chapter.10}{\376\377\000B\000i\000l\000a\000n\000\040\000e\000t\000\040\000p\000e\000r\000s\000p\000e\000c\000t\000i\000v\000e\000s}{}% 70
\BOOKMARK [1][-]{section.10.1}{\376\377\000B\000i\000l\000a\000n\000\040\000d\000u\000\040\000t\000r\000a\000v\000a\000i\000l\000\040\000r\000\351\000a\000l\000i\000s\000\351}{chapter.10}% 71
\BOOKMARK [1][-]{section.10.2}{\376\377\000L\000i\000m\000i\000t\000e\000s\000\040\000d\000e\000\040\000m\000o\000n\000\040\000i\000n\000t\000e\000r\000v\000e\000n\000t\000i\000o\000n}{chapter.10}% 72
\BOOKMARK [1][-]{section.10.3}{\376\377\000L\000i\000m\000i\000t\000e\000s\000\040\000a\000c\000t\000u\000e\000l\000l\000e\000s\000\040\000d\000u\000\040\000s\000y\000s\000t\000\350\000m\000e}{chapter.10}% 73
\BOOKMARK [2][-]{subsection.10.3.1}{\376\377\000L\000i\000m\000i\000t\000e\000s\000\040\000d\000e\000s\000\040\000d\000o\000n\000n\000\351\000e\000s\000\040\000e\000t\000\040\000m\000o\000d\000\350\000l\000e\000s}{section.10.3}% 74
\BOOKMARK [2][-]{subsection.10.3.2}{\376\377\000L\000i\000m\000i\000t\000e\000s\000\040\000f\000o\000n\000c\000t\000i\000o\000n\000n\000e\000l\000l\000e\000s}{section.10.3}% 75
\BOOKMARK [2][-]{subsection.10.3.3}{\376\377\000L\000i\000m\000i\000t\000e\000s\000\040\000t\000e\000c\000h\000n\000i\000q\000u\000e\000s}{section.10.3}% 76
\BOOKMARK [2][-]{subsection.10.3.4}{\376\377\000L\000i\000m\000i\000t\000e\000s\000\040\000d\000e\000\040\000p\000\351\000r\000i\000m\000\350\000t\000r\000e}{section.10.3}% 77
\BOOKMARK [1][-]{section.10.4}{\376\377\000P\000e\000r\000s\000p\000e\000c\000t\000i\000v\000e\000s\000\040\000d\000'\000a\000m\000\351\000l\000i\000o\000r\000a\000t\000i\000o\000n}{chapter.10}% 78
\BOOKMARK [0][-]{chapter.11}{\376\377\000R\000\351\000f\000\351\000r\000e\000n\000c\000e\000s}{}% 79
